
> botbuilder-frontend@0.1.0 dev
> vite


  VITE v6.4.2  ready in 338 ms

  ➜  Local:   http://localhost:5173/
  ➜  Network: use --host to expose
2:13:54 PM [vite] (client) page reload package.json
2:16:59 PM [vite] (client) page reload src/main.tsx
2:17:02 PM [vite] (client) ✨ new dependencies optimized: i18next, react-i18next, i18next-browser-languagedetector
2:17:02 PM [vite] (client) ✨ optimized dependencies changed. reloading
2:17:10 PM [vite] (client) hmr update /src/components/layout/Topbar.tsx, /src/index.css
2:17:35 PM [vite] (client) hmr update /src/components/layout/Sidebar.tsx, /src/index.css
2:17:45 PM [vite] (client) hmr update /src/components/layout/BottomNav.tsx, /src/index.css
2:18:25 PM [vite] (client) hmr update /src/pages/Dashboard/index.tsx, /src/index.css
2:18:49 PM [vite] (client) hmr update /src/components/shared/OnboardingCard.tsx, /src/index.css
2:19:54 PM [vite] (client) hmr update /src/pages/Onboarding/index.tsx, /src/index.css
2:19:55 PM [vite] (client) hmr invalidate /src/pages/Onboarding/index.tsx Could not Fast Refresh ("markOnboardingDone" export is incompatible). Learn more at https://github.com/vitejs/vite-plugin-react/tree/main/packages/plugin-react#consistent-components-exports
2:19:55 PM [vite] (client) hmr update /src/App.tsx, /src/index.css
2:19:59 PM [vite] (client) hmr update /src/pages/Bots/index.tsx, /src/index.css
2:20:05 PM [vite] (client) hmr update /src/pages/Bots/index.tsx, /src/index.css
2:20:12 PM [vite] (client) hmr update /src/pages/Bots/index.tsx, /src/index.css
2:20:25 PM [vite] (client) hmr update /src/pages/Bots/index.tsx, /src/index.css
2:20:37 PM [vite] (client) hmr update /src/pages/Bots/index.tsx, /src/index.css
2:20:46 PM [vite] (client) hmr update /src/pages/Bots/index.tsx, /src/index.css
2:20:52 PM [vite] (client) hmr update /src/pages/Bots/index.tsx, /src/index.css
2:20:59 PM [vite] (client) hmr update /src/pages/Bots/index.tsx, /src/index.css
2:21:06 PM [vite] (client) hmr update /src/pages/Bots/index.tsx, /src/index.css
2:21:14 PM [vite] (client) hmr update /src/pages/Bots/index.tsx, /src/index.css
2:21:26 PM [vite] (client) hmr update /src/pages/Bots/index.tsx, /src/index.css
2:21:33 PM [vite] (client) hmr update /src/pages/Bots/index.tsx, /src/index.css
2:21:39 PM [vite] (client) hmr update /src/pages/Bots/index.tsx, /src/index.css
2:21:51 PM [vite] (client) hmr update /src/pages/Bots/index.tsx, /src/index.css
2:22:05 PM [vite] (client) hmr update /src/pages/Bots/index.tsx, /src/index.css
2:22:12 PM [vite] (client) hmr update /src/pages/Bots/index.tsx, /src/index.css
2:22:21 PM [vite] (client) hmr update /src/pages/Bots/index.tsx, /src/index.css
2:22:40 PM [vite] (client) hmr update /src/pages/Bots/index.tsx, /src/index.css
2:27:16 PM [vite] (client) hmr update /src/pages/Settings/index.tsx, /src/index.css
2:27:31 PM [vite] (client) hmr update /src/components/layout/Topbar.tsx, /src/index.css
2:27:35 PM [vite] (client) hmr update /src/components/layout/Sidebar.tsx, /src/index.css
2:27:45 PM [vite] (client) hmr update /src/components/layout/Sidebar.tsx, /src/index.css
2:42:33 PM [vite] (client) hmr update /src/App.tsx, /src/index.css
2:42:39 PM [vite] (client) hmr update /src/App.tsx, /src/index.css
2:42:44 PM [vite] (client) hmr update /src/components/layout/Sidebar.tsx, /src/index.css
2:42:49 PM [vite] (client) hmr update /src/components/layout/Sidebar.tsx, /src/index.css
2:42:53 PM [vite] (client) hmr update /src/components/layout/BottomNav.tsx, /src/index.css
2:42:58 PM [vite] (client) hmr update /src/components/layout/BottomNav.tsx, /src/index.css
3:04:25 PM [vite] (client) hmr update /src/index.css, /src/pages/Templates/index.tsx, /src/pages/Templates/PublishTemplateModal.tsx
3:05:05 PM [vite] (client) hmr update /src/index.css, /src/pages/Templates/index.tsx, /src/pages/Templates/MyPurchases.tsx, /src/pages/Templates/PublishTemplateModal.tsx
3:08:11 PM [vite] (client) page reload src/i18n/locales/uz.json
3:09:17 PM [vite] (client) page reload src/i18n/locales/ru.json
3:09:17 PM [vite] (client) page reload src/i18n/locales/en.json
3:09:49 PM [vite] (client) hmr update /src/pages/Templates/TemplateCard.tsx, /src/index.css
3:12:37 PM [vite] (client) hmr update /src/pages/Templates/index.tsx, /src/index.css
3:13:20 PM [vite] (client) hmr update /src/pages/Templates/TemplatePreviewFlow.tsx, /src/index.css
3:13:28 PM [vite] (client) hmr update /src/pages/Templates/TemplatePreviewFlow.tsx, /src/index.css
3:27:16 PM [vite] (client) hmr update /src/components/flow/nodes/CustomNode.tsx, /src/index.css
3:27:25 PM [vite] (client) hmr update /src/components/flow/nodes/CustomNode.tsx, /src/index.css
3:27:36 PM [vite] (client) hmr update /src/components/flow/nodes/CustomNode.tsx, /src/index.css
3:27:46 PM [vite] (client) hmr update /src/components/flow/nodes/CustomNode.tsx, /src/index.css
3:27:56 PM [vite] (client) hmr update /src/pages/FlowBuilder/NodePanel.tsx, /src/index.css
3:28:03 PM [vite] (client) hmr update /src/pages/FlowBuilder/NodePanel.tsx, /src/index.css
3:28:12 PM [vite] (client) hmr update /src/pages/FlowBuilder/NodePanel.tsx, /src/index.css
3:28:21 PM [vite] (client) hmr update /src/pages/FlowBuilder/index.tsx, /src/index.css
3:28:26 PM [vite] (client) hmr update /src/pages/FlowBuilder/index.tsx, /src/index.css
3:28:34 PM [vite] (client) hmr update /src/pages/FlowBuilder/index.tsx, /src/index.css
3:28:44 PM [vite] (client) hmr update /src/pages/FlowBuilder/index.tsx, /src/index.css
3:28:54 PM [vite] (client) hmr update /src/pages/FlowBuilder/index.tsx, /src/index.css
3:29:03 PM [vite] (client) hmr update /src/pages/FlowBuilder/index.tsx, /src/index.css
3:29:22 PM [vite] (client) hmr update /src/pages/FlowBuilder/index.tsx, /src/index.css
3:29:29 PM [vite] (client) hmr update /src/pages/FlowBuilder/Sidebar.tsx, /src/index.css
3:29:37 PM [vite] (client) hmr update /src/pages/FlowBuilder/Sidebar.tsx, /src/index.css
3:29:49 PM [vite] (client) hmr update /src/pages/FlowBuilder/Sidebar.tsx, /src/index.css
3:29:58 PM [vite] (client) hmr update /src/pages/FlowBuilder/Sidebar.tsx, /src/index.css
3:30:05 PM [vite] (client) hmr update /src/pages/FlowBuilder/Sidebar.tsx, /src/index.css
3:30:14 PM [vite] (client) hmr update /src/pages/FlowBuilder/Sidebar.tsx, /src/index.css
3:30:20 PM [vite] (client) hmr update /src/pages/FlowBuilder/Sidebar.tsx, /src/index.css
